2026-05-11 12:48:02 [INFO] =================================================================
2026-05-11 12:48:02 [INFO] NKQM Attendance Harvester — Monday, 11 May 2026  12:48
2026-05-11 12:48:02 [INFO] =================================================================
2026-05-11 12:48:02 [INFO] Using CSV: C:\Users\ELECTRO-TECH\Downloads\attendance_report_2026-05-11.csv  (last modified: 2026-05-11 10:39)
2026-05-11 12:48:45 [INFO] Student map loaded: 239 students
2026-05-11 12:48:45 [INFO] Prepared 1308 records from CSV
2026-05-11 12:49:29 [INFO]   [Batch 1] 100/1308 uploaded ✓
2026-05-11 12:50:13 [INFO]   [Batch 2] 200/1308 uploaded ✓
2026-05-11 12:50:57 [INFO]   [Batch 3] 300/1308 uploaded ✓
2026-05-11 12:51:43 [INFO]   [Batch 4] 400/1308 uploaded ✓
2026-05-11 12:52:27 [INFO]   [Batch 5] 500/1308 uploaded ✓
2026-05-11 12:53:12 [INFO]   [Batch 6] 600/1308 uploaded ✓
2026-05-11 12:53:56 [INFO]   [Batch 7] 700/1308 uploaded ✓
2026-05-11 12:54:40 [INFO]   [Batch 8] 800/1308 uploaded ✓
2026-05-11 12:55:25 [INFO]   [Batch 9] 900/1308 uploaded ✓
2026-05-11 12:55:27 [INFO]   [Batch 10] 1000/1308 uploaded ✓
2026-05-11 12:55:30 [INFO]   [Batch 11] 1100/1308 uploaded ✓
2026-05-11 12:55:32 [INFO]   [Batch 12] 1200/1308 uploaded ✓
2026-05-11 12:55:35 [INFO]   [Batch 13] 1300/1308 uploaded ✓
2026-05-11 12:55:36 [INFO]   [Batch 14] 1308/1308 uploaded ✓
2026-05-11 12:55:37 [INFO] -----------------------------------------------------------------
2026-05-11 12:55:37 [INFO] DONE  ✓ Success: 1308  |  ✗ Failed: 0  |  Total: 1308
2026-05-11 12:55:37 [INFO] =================================================================
2026-05-11 12:57:32 [INFO] Starting sync to Attendance System...
2026-05-11 12:57:32 [INFO] Latest CSV: C:\Users\ELECTRO-TECH\Downloads\attendance_report_2026-05-11.csv
2026-05-11 12:58:16 [INFO] Loaded 218 students from cloud.
2026-05-11 12:58:17 [INFO] Parsed 1308 records from CSV.
2026-05-11 12:59:00 [ERROR] Batch failed: {"code":"23505","details":null,"hint":null,"message":"duplicate key value violates unique constraint \"attendance_student_id_date_key\""}
2026-05-11 12:59:43 [ERROR] Batch failed: {"code":"23505","details":null,"hint":null,"message":"duplicate key value violates unique constraint \"attendance_student_id_date_key\""}
2026-05-11 13:00:28 [ERROR] Batch failed: {"code":"23505","details":null,"hint":null,"message":"duplicate key value violates unique constraint \"attendance_student_id_date_key\""}
2026-05-11 13:01:12 [ERROR] Batch failed: {"code":"23505","details":null,"hint":null,"message":"duplicate key value violates unique constraint \"attendance_student_id_date_key\""}
